|     15589 | 2005-08-23 06:03:31 |         2379 |          22 | 2005-08-30 07:44:31 |        2 | 2006-02-15 21:30:53 |
|     15590 | 2005-08-23 06:09:44 |         4048 |         599 | 2005-09-01 06:53:44 |        2 | 2006-02-15 21:30:53 |
|     15591 | 2005-08-23 06:11:52 |           64 |          62 | 2005-08-25 05:34:52 |        1 | 2006-02-15 21:30:53 |
|     15593 | 2005-08-23 06:15:09 |         3734 |         153 | 2005-08-27 07:47:09 |        2 | 2006-02-15 21:30:53 |
|     15594 | 2005-08-23 06:18:43 |         4227 |         567 | 2005-09-01 09:09:43 |        2 | 2006-02-15 21:30:53 |
|     15595 | 2005-08-23 06:19:12 |         4046 |         264 | 2005-08-31 04:52:12 |        1 | 2006-02-15 21:30:53 |
|     15596 | 2005-08-23 06:19:51 |         3834 |         186 | 2005-08-25 03:32:51 |        1 | 2006-02-15 21:30:53 |
|     15597 | 2005-08-23 06:21:20 |         3795 |         420 | 2005-08-28 02:47:20 |        2 | 2006-02-15 21:30:53 |
|     15598 | 2005-08-23 06:23:26 |         2794 |          66 | 2005-09-01 05:43:26 |        1 | 2006-02-15 21:30:53 |
|     15599 | 2005-08-23 06:25:07 |         4560 |         103 | 2005-08-29 00:48:07 |        1 | 2006-02-15 21:30:53 |
|     15600 | 2005-08-23 06:31:24 |         2260 |         113 | 2005-08-28 06:53:24 |        1 | 2006-02-15 21:30:53 |
|     15601 | 2005-08-23 06:33:26 |         3643 |         579 | 2005-08-24 04:10:26 |        1 | 2006-02-15 21:30:53 |
|     15602 | 2005-08-23 06:41:07 |         1429 |          81 | 2005-08-24 07:16:07 |        1 | 2006-02-15 21:30:53 |
|     15603 | 2005-08-23 06:41:32 |         2565 |           6 | 2005-08-28 08:51:32 |        1 | 2006-02-15 21:30:53 |
|     15604 | 2005-08-23 06:44:19 |         4000 |         458 | 2005-08-29 07:17:19 |        1 | 2006-02-15 21:30:53 |
|     15605 | 2005-08-23 06:48:47 |         3152 |         544 | 2005-08-28 06:09:47 |        1 | 2006-02-15 21:30:53 |
|     15606 | 2005-08-23 06:50:27 |         1811 |         279 | 2005-08-28 04:23:27 |        2 | 2006-02-15 21:30:53 |
|     15607 | 2005-08-23 06:54:06 |         4118 |         484 | 2005-08-26 05:03:06 |        2 | 2006-02-15 21:30:53 |
|     15608 | 2005-08-23 06:55:26 |         2921 |         454 | 2005-08-28 10:24:26 |        1 | 2006-02-15 21:30:53 |
|     15609 | 2005-08-23 06:56:04 |         1730 |         256 | 2005-09-01 03:25:04 |        1 | 2006-02-15 21:30:53 |
|     15610 | 2005-08-23 06:56:15 |         2076 |         215 | 2005-08-24 07:37:15 |        2 | 2006-02-15 21:30:53 |
|     15611 | 2005-08-23 06:56:18 |         1713 |         184 | 2005-08-25 06:10:18 |        1 | 2006-02-15 21:30:53 |
|     15612 | 2005-08-23 06:59:07 |         3367 |         305 | 2005-09-01 11:26:07 |        2 | 2006-02-15 21:30:53 |
|     15613 | 2005-08-23 07:03:19 |          307 |         461 | 2005-08-31 07:50:19 |        2 | 2006-02-15 21:30:53 |
|     15614 | 2005-08-23 07:05:15 |         1216 |         287 | 2005-09-01 11:41:15 |        1 | 2006-02-15 21:30:53 |
|     15615 | 2005-08-23 07:06:00 |          899 |         584 | 2005-08-30 11:21:00 |        2 | 2006-02-15 21:30:53 |
|     15616 | 2005-08-23 07:06:38 |         2947 |          70 | 2005-08-30 04:16:38 |        1 | 2006-02-15 21:30:53 |
|     15617 | 2005-08-23 07:07:22 |         4085 |         569 | 2005-08-27 01:24:22 |        2 | 2006-02-15 21:30:53 |
|     15618 | 2005-08-23 07:07:58 |         1903 |          60 | 2005-08-29 03:48:58 |        1 | 2006-02-15 21:30:53 |
|     15619 | 2005-08-23 07:10:14 |         2468 |           3 | 2005-08-26 07:21:14 |        2 | 2006-02-15 21:30:53 |
|     15620 | 2005-08-23 07:10:22 |         1173 |         270 | 2005-08-28 06:51:22 |        2 | 2006-02-15 21:30:53 |
|     15621 | 2005-08-23 07:13:43 |         3832 |         123 | 2005-08-29 08:19:43 |        1 | 2006-02-15 21:30:53 |
|     15622 | 2005-08-23 07:22:02 |         3335 |         302 | 2005-09-01 06:08:02 |        2 | 2006-02-15 21:30:53 |
|     15623 | 2005-08-23 07:23:29 |         3003 |         525 | 2005-08-31 01:47:29 |        1 | 2006-02-15 21:30:53 |
|     15624 | 2005-08-23 07:24:27 |          396 |         105 | 2005-08-29 12:36:27 |        2 | 2006-02-15 21:30:53 |
|     15625 | 2005-08-23 07:25:29 |         4200 |         207 | 2005-08-27 13:17:29 |        2 | 2006-02-15 21:30:53 |
|     15626 | 2005-08-23 07:25:34 |          640 |         370 | 2005-08-28 11:01:34 |        1 | 2006-02-15 21:30:53 |
|     15627 | 2005-08-23 07:25:38 |         1364 |         453 | 2005-08-31 02:53:38 |        2 | 2006-02-15 21:30:53 |
|     15628 | 2005-08-23 07:28:04 |         1348 |         408 | 2005-08-26 04:23:04 |        1 | 2006-02-15 21:30:53 |
|     15629 | 2005-08-23 07:28:22 |         3725 |         286 | 2005-08-29 06:29:22 |        2 | 2006-02-15 21:30:53 |
|     15630 | 2005-08-23 07:29:13 |         3590 |         580 | 2005-08-31 04:33:13 |        2 | 2006-02-15 21:30:53 |
|     15631 | 2005-08-23 07:30:23 |         2458 |          93 | 2005-08-24 07:23:23 |        1 | 2006-02-15 21:30:53 |
|     15632 | 2005-08-23 07:30:26 |         2941 |          60 | 2005-08-24 07:53:26 |        2 | 2006-02-15 21:30:53 |
|     15633 | 2005-08-23 07:31:10 |          882 |         497 | 2005-08-26 04:35:10 |        2 | 2006-02-15 21:30:53 |
|     15634 | 2005-08-23 07:34:18 |         2517 |         576 | 2005-08-24 12:00:18 |        2 | 2006-02-15 21:30:53 |
|     15635 | 2005-08-23 07:43:00 |         3308 |           4 | 2005-08-27 10:47:00 |        1 | 2006-02-15 21:30:53 |
|     15636 | 2005-08-23 07:50:46 |         1169 |         380 | 2005-08-26 07:59:46 |        2 | 2006-02-15 21:30:53 |
|     15637 | 2005-08-23 07:53:38 |          445 |         172 | 2005-08-29 03:16:38 |        2 | 2006-02-15 21:30:53 |
|     15638 | 2005-08-23 07:54:54 |         3358 |         563 | 2005-08-30 13:33:54 |        2 | 2006-02-15 21:30:53 |
|     15639 | 2005-08-23 08:03:25 |           42 |         214 | 2005-08-24 10:21:25 |        2 | 2006-02-15 21:30:53 |
|     15640 | 2005-08-23 08:04:40 |         3505 |         262 | 2005-08-24 06:38:40 |        1 | 2006-02-15 21:30:53 |
|     15641 | 2005-08-23 08:06:49 |         3126 |         240 | 2005-08-24 13:17:49 |        1 | 2006-02-15 21:30:53 |
|     15642 | 2005-08-23 08:09:11 |         2627 |         160 | 2005-08-28 05:57:11 |        1 | 2006-02-15 21:30:53 |
|     15643 | 2005-08-23 08:13:26 |          103 |         298 | 2005-08-25 05:18:26 |        2 | 2006-02-15 21:30:53 |
|     15644 | 2006-02-14 15:16:03 |         3139 |          43 | NULL                |        2 | 2006-02-15 21:30:53 |
|     15645 | 2006-02-14 15:16:03 |         3838 |         214 | NULL                |        2 | 2006-02-15 21:30:53 |
|     15646 | 2005-08-23 08:19:55 |         3217 |         114 | 2005-08-29 02:32:55 |        1 | 2006-02-15 21:30:53 |
|     15647 | 2005-08-23 08:23:56 |         2051 |         251 | 2005-08-26 11:00:56 |        1 | 2006-02-15 21:30:53 |
|     15648 | 2005-08-23 08:27:57 |         4039 |          80 | 2005-08-30 08:53:57 |        2 | 2006-02-15 21:30:53 |
|     15649 | 2005-08-23 08:28:03 |          415 |          60 | 2005-08-30 05:11:03 |        1 | 2006-02-15 21:30:53 |
|     15650 | 2005-08-23 08:29:53 |         2447 |         353 | 2005-08-25 07:23:53 |        2 | 2006-02-15 21:30:53 |
|     15651 | 2005-08-23 08:31:49 |         3393 |         451 | 2005-08-26 02:57:49 |        1 | 2006-02-15 21:30:53 |
|     15652 | 2005-08-23 08:34:10 |         4440 |         578 | 2005-08-30 12:31:10 |        1 | 2006-02-15 21:30:53 |
|     15653 | 2005-08-23 08:34:42 |         2736 |         439 | 2005-09-01 03:07:42 |        1 | 2006-02-15 21:30:53 |
|     15654 | 2005-08-23 08:34:53 |         4360 |         471 | 2005-08-30 04:18:53 |        2 | 2006-02-15 21:30:53 |
|     15655 | 2006-02-14 15:16:03 |          604 |         359 | NULL                |        1 | 2006-02-15 21:30:53 |
|     15656 | 2005-08-23 08:38:58 |         4239 |         334 | 2005-08-24 04:08:58 |        2 | 2006-02-15 21:30:53 |
|     15657 | 2005-08-23 08:42:40 |         1897 |          36 | 2005-09-01 13:08:40 |        1 | 2006-02-15 21:30:53 |
|     15658 | 2005-08-23 08:48:43 |         3565 |          22 | 2005-08-25 05:38:43 |        1 | 2006-02-15 21:30:53 |
|     15659 | 2005-08-23 08:48:43 |         4573 |         131 | 2005-08-27 14:19:43 |        2 | 2006-02-15 21:30:53 |
|     15660 | 2005-08-23 08:51:21 |         3223 |         388 | 2005-08-28 06:26:21 |        2 | 2006-02-15 21:30:53 |
|     15661 | 2005-08-23 08:52:03 |         1599 |         346 | 2005-08-30 08:17:03 |        2 | 2006-02-15 21:30:53 |
|     15662 | 2005-08-23 08:52:50 |         3028 |         223 | 2005-08-24 08:08:50 |        1 | 2006-02-15 21:30:53 |
|     15663 | 2005-08-23 08:54:26 |         3291 |         291 | 2005-08-29 02:56:26 |        1 | 2006-02-15 21:30:53 |
|     15664 | 2005-08-23 08:57:11 |         2029 |         351 | 2005-08-31 14:19:11 |        2 | 2006-02-15 21:30:53 |
|     15665 | 2005-08-23 08:59:12 |         3471 |         487 | 2005-08-24 12:50:12 |        2 | 2006-02-15 21:30:53 |
|     15666 | 2005-08-23 09:01:10 |         3406 |         586 | 2005-08-31 12:32:10 |        2 | 2006-02-15 21:30:53 |
|     15667 | 2005-08-23 09:02:03 |         1302 |          73 | 2005-08-24 05:47:03 |        1 | 2006-02-15 21:30:53 |
|     15668 | 2005-08-23 09:02:04 |         1963 |          38 | 2005-08-29 03:17:04 |        2 | 2006-02-15 21:30:53 |
|     15669 | 2005-08-23 09:06:17 |         1542 |         334 | 2005-08-30 08:10:17 |        2 | 2006-02-15 21:30:53 |
|     15670 | 2005-08-23 09:07:11 |         2834 |         211 | 2005-08-31 04:32:11 |        2 | 2006-02-15 21:30:53 |
|     15671 | 2005-08-23 09:08:16 |         3716 |         112 | 2005-08-29 14:01:16 |        1 | 2006-02-15 21:30:53 |
|     15672 | 2005-08-23 09:09:18 |          701 |         210 | 2005-08-27 06:19:18 |        1 | 2006-02-15 21:30:53 |
|     15673 | 2005-08-23 09:12:50 |         3096 |         321 | 2005-08-29 12:45:50 |        2 | 2006-02-15 21:30:53 |
|     15674 | 2005-08-23 09:16:39 |         4482 |          90 | 2005-09-01 11:57:39 |        1 | 2006-02-15 21:30:53 |
|     15675 | 2005-08-23 09:18:52 |         4153 |         293 | 2005-08-30 14:59:52 |        2 | 2006-02-15 21:30:53 |
|     15676 | 2005-08-23 09:23:08 |         3874 |         353 | 2005-08-30 06:19:08 |        2 | 2006-02-15 21:30:53 |
|     15677 | 2005-08-23 09:23:36 |         2050 |         109 | 2005-08-27 05:01:36 |        1 | 2006-02-15 21:30:53 |
|     15678 | 2005-08-23 09:23:45 |         1345 |         413 | 2005-08-27 11:38:45 |        2 | 2006-02-15 21:30:53 |
|     15679 | 2005-08-23 09:27:29 |         2945 |         103 | 2005-08-28 09:14:29 |        1 | 2006-02-15 21:30:53 |
|     15680 | 2005-08-23 09:33:22 |         1370 |         169 | 2005-08-31 13:29:22 |        2 | 2006-02-15 21:30:53 |
|     15681 | 2005-08-23 09:35:34 |         2813 |          61 | 2005-08-27 08:33:34 |        1 | 2006-02-15 21:30:53 |
|     15682 | 2005-08-23 09:37:34 |         3293 |          31 | 2005-08-31 06:01:34 |        1 | 2006-02-15 21:30:53 |
|     15683 | 2005-08-23 09:38:17 |         3787 |         168 | 2005-08-30 12:31:17 |        2 | 2006-02-15 21:30:53 |
|     15684 | 2005-08-23 09:40:04 |         3976 |         586 | 2005-08-28 15:28:04 |        1 | 2006-02-15 21:30:53 |
|     15685 | 2005-08-23 09:41:28 |          370 |         491 | 2005-08-30 10:11:28 |        1 | 2006-02-15 21:30:53 |
|     15686 | 2005-08-23 09:42:21 |         2041 |         206 | 2005-08-29 12:22:21 |        1 | 2006-02-15 21:30:53 |
|     15687 | 2005-08-23 09:46:33 |          276 |         112 | 2005-09-01 06:07:33 |        1 | 2006-02-15 21:30:53 |
|     15688 | 2005-08-23 09:48:45 |         2851 |         105 | 2005-08-30 10:28:45 |        2 | 2006-02-15 21:30:53 |
|     15689 | 2005-08-23 09:52:55 |          248 |         259 | 2005-08-29 11:15:55 |        1 | 2006-02-15 21:30:53 |
|     15690 | 2005-08-23 09:53:30 |         2102 |         554 | 2005-08-29 10:27:30 |        1 | 2006-02-15 21:30:53 |
|     15691 | 2005-08-23 09:53:54 |          784 |         200 | 2005-08-27 10:14:54 |        1 | 2006-02-15 21:30:53 |
|     15692 | 2005-08-23 10:00:02 |         1852 |         503 | 2005-08-24 05:25:02 |        1 | 2006-02-15 21:30:53 |
|     15693 | 2005-08-23 10:00:24 |          748 |          94 | 2005-08-25 08:23:24 |        1 | 2006-02-15 21:30:53 |
|     15694 | 2005-08-23 10:02:46 |         3017 |         506 | 2005-08-31 05:46:46 |        2 | 2006-02-15 21:30:53 |
|     15695 | 2006-02-14 15:16:03 |         2954 |         300 | NULL                |        1 | 2006-02-15 21:30:53 |
|     15696 | 2005-08-23 10:04:17 |         2836 |          93 | 2005-08-25 08:47:17 |        2 | 2006-02-15 21:30:53 |
|     15697 | 2005-08-23 10:04:36 |         1987 |         380 | 2005-08-24 05:00:36 |        2 | 2006-02-15 21:30:53 |
|     15698 | 2005-08-23 10:11:40 |         4465 |         395 | 2005-08-28 08:50:40 |        2 | 2006-02-15 21:30:53 |
|     15699 | 2005-08-23 10:20:35 |         4155 |         501 | 2005-08-30 13:56:35 |        1 | 2006-02-15 21:30:53 |
|     15700 | 2005-08-23 10:21:21 |         2935 |         552 | 2005-08-24 15:37:21 |        1 | 2006-02-15 21:30:53 |
|     15701 | 2005-08-23 10:22:21 |         2942 |         516 | 2005-08-24 10:52:21 |        1 | 2006-02-15 21:30:53 |
|     15702 | 2005-08-23 10:23:28 |         1602 |          56 | 2005-08-29 11:08:28 |        2 | 2006-02-15 21:30:53 |
|     15703 | 2005-08-23 10:23:48 |         2883 |         322 | 2005-09-01 06:54:48 |        2 | 2006-02-15 21:30:53 |
|     15704 | 2005-08-23 10:25:45 |          738 |          71 | 2005-08-29 16:06:45 |        2 | 2006-02-15 21:30:53 |
|     15705 | 2005-08-23 10:32:52 |          936 |         356 | 2005-08-29 13:18:52 |        2 | 2006-02-15 21:30:53 |
|     15706 | 2005-08-23 10:32:52 |         4486 |         220 | 2005-08-24 07:03:52 |        2 | 2006-02-15 21:30:53 |
|     15707 | 2005-08-23 10:35:45 |         3646 |          91 | 2005-08-27 10:57:45 |        1 | 2006-02-15 21:30:53 |
|     15708 | 2005-08-23 10:35:51 |         1974 |          46 | 2005-08-27 16:02:51 |        1 | 2006-02-15 21:30:53 |
|     15709 | 2005-08-23 10:36:00 |          346 |         206 | 2005-08-28 06:18:00 |        2 | 2006-02-15 21:30:53 |
|     15710 | 2006-02-14 15:16:03 |         1020 |         421 | NULL                |        1 | 2006-02-15 21:30:53 |
|     15711 | 2005-08-23 10:43:00 |          789 |         297 | 2005-08-29 16:29:00 |        1 | 2006-02-15 21:30:53 |
|     15712 | 2005-08-23 10:43:56 |         1882 |         351 | 2005-08-29 15:35:56 |        2 | 2006-02-15 21:30:53 |
|     15713 | 2005-08-23 10:56:15 |          337 |         432 | 2005-08-29 09:14:15 |        2 | 2006-02-15 21:30:53 |
|     15714 | 2006-02-14 15:16:03 |         2083 |          56 | NULL                |        1 | 2006-02-15 21:30:53 |
|     15715 | 2005-08-23 10:57:40 |         3808 |          86 | 2005-08-28 12:40:40 |        1 | 2006-02-15 21:30:53 |
|     15716 | 2005-08-23 11:02:00 |         2812 |         408 | 2005-08-28 14:46:00 |        1 | 2006-02-15 21:30:53 |
|     15717 | 2006-02-14 15:16:03 |          902 |         208 | NULL                |        2 | 2006-02-15 21:30:53 |
|     15718 | 2005-08-23 11:05:17 |         2180 |         276 | 2005-08-28 12:50:17 |        1 | 2006-02-15 21:30:53 |
|     15719 | 2005-08-23 11:08:46 |         3990 |         599 | 2005-08-25 07:25:46 |        1 | 2006-02-15 21:30:53 |
|     15720 | 2005-08-23 11:15:20 |         2490 |         456 | 2005-08-31 09:49:20 |        1 | 2006-02-15 21:30:53 |
|     15721 | 2005-08-23 11:16:16 |          685 |         154 | 2005-08-28 10:21:16 |        1 | 2006-02-15 21:30:53 |
|     15722 | 2005-08-23 11:16:29 |         2809 |          26 | 2005-09-01 13:24:29 |        2 | 2006-02-15 21:30:53 |
|     15723 | 2005-08-23 11:17:26 |         3915 |         504 | 2005-08-31 13:58:26 |        2 | 2006-02-15 21:30:53 |
|     15724 | 2005-08-23 11:22:09 |         1025 |         478 | 2005-08-28 12:56:09 |        2 | 2006-02-15 21:30:53 |
|     15725 | 2005-08-23 11:25:00 |          378 |         599 | 2005-08-26 11:46:00 |        1 | 2006-02-15 21:30:53 |
|     15726 | 2005-08-23 11:28:26 |          906 |         503 | 2005-08-28 11:23:26 |        2 | 2006-02-15 21:30:53 |
|     15727 | 2005-08-23 11:28:49 |         2184 |         416 | 2005-08-24 06:24:49 |        2 | 2006-02-15 21:30:53 |
|     15728 | 2005-08-23 11:30:32 |         2567 |         323 | 2005-08-28 09:52:32 |        2 | 2006-02-15 21:30:53 |
|     15729 | 2006-02-14 15:16:03 |         2699 |         193 | NULL                |        2 | 2006-02-15 21:30:53 |
|     15730 | 2005-08-23 11:32:35 |          947 |         147 | 2005-08-30 13:46:35 |        2 | 2006-02-15 21:30:53 |
|     15731 | 2005-08-23 11:33:25 |         3403 |         118 | 2005-08-24 07:19:25 |        2 | 2006-02-15 21:30:53 |
|     15732 | 2005-08-23 11:35:12 |         3247 |         412 | 2005-08-26 12:50:12 |        2 | 2006-02-15 21:30:53 |
|     15733 | 2005-08-23 11:37:32 |         4185 |         512 | 2005-08-28 16:27:32 |        1 | 2006-02-15 21:30:53 |
|     15734 | 2005-08-23 11:40:08 |         3952 |         302 | 2005-08-27 08:16:08 |        1 | 2006-02-15 21:30:53 |
|     15735 | 2006-02-14 15:16:03 |         3167 |         295 | NULL                |        1 | 2006-02-15 21:30:53 |
|     15736 | 2005-08-23 11:40:30 |         4272 |         127 | 2005-08-30 12:40:30 |        1 | 2006-02-15 21:30:53 |
|     15737 | 2005-08-23 11:52:18 |          996 |          83 | 2005-08-28 15:28:18 |        1 | 2006-02-15 21:30:53 |
|     15738 | 2005-08-23 11:55:50 |          556 |          38 | 2005-08-30 15:07:50 |        1 | 2006-02-15 21:30:53 |
|     15739 | 2005-08-23 11:56:22 |          266 |          74 | 2005-08-29 16:10:22 |        2 | 2006-02-15 21:30:53 |
|     15740 | 2005-08-23 12:07:51 |          100 |         229 | 2005-08-24 13:23:51 |        2 | 2006-02-15 21:30:53 |
|     15741 | 2005-08-23 12:10:54 |         4243 |         126 | 2005-08-24 10:08:54 |        2 | 2006-02-15 21:30:53 |
|     15742 | 2005-08-23 12:11:37 |         1339 |         200 | 2005-08-31 07:28:37 |        2 | 2006-02-15 21:30:53 |
|     15743 | 2005-08-23 12:12:05 |         1625 |         139 | 2005-08-26 11:35:05 |        1 | 2006-02-15 21:30:53 |
|     15744 | 2005-08-23 12:15:51 |         2364 |          59 | 2005-08-31 17:19:51 |        1 | 2006-02-15 21:30:53 |
|     15745 | 2006-02-14 15:16:03 |         2737 |          43 | NULL                |        1 | 2006-02-15 21:30:53 |
|     15746 | 2005-08-23 12:26:19 |         2241 |         246 | 2005-08-26 09:51:19 |        2 | 2006-02-15 21:30:53 |
|     15747 | 2005-08-23 12:29:24 |         1517 |         381 | 2005-08-31 08:27:24 |        2 | 2006-02-15 21:30:53 |
|     15748 | 2005-08-23 12:33:00 |         2757 |         380 | 2005-08-25 15:15:00 |        2 | 2006-02-15 21:30:53 |
|     15749 | 2005-08-23 12:33:41 |         4224 |         575 | 2005-08-24 10:52:41 |        1 | 2006-02-15 21:30:53 |
|     15750 | 2005-08-23 12:36:05 |         4474 |         496 | 2005-08-24 17:40:05 |        2 | 2006-02-15 21:30:53 |
|     15751 | 2005-08-23 12:41:07 |          697 |         199 | 2005-08-29 07:03:07 |        2 | 2006-02-15 21:30:53 |
|     15752 | 2005-08-23 12:41:38 |         2112 |          17 | 2005-09-01 14:06:38 |        1 | 2006-02-15 21:30:53 |
|     15753 | 2005-08-23 12:43:30 |         3451 |         144 | 2005-09-01 09:07:30 |        2 | 2006-02-15 21:30:53 |
|     15754 | 2005-08-23 12:43:42 |         2306 |         356 | 2005-08-27 17:45:42 |        2 | 2006-02-15 21:30:53 |
|     15755 | 2005-08-23 12:46:38 |          511 |         423 | 2005-08-25 12:59:38 |        1 | 2006-02-15 21:30:53 |
|     15756 | 2005-08-23 12:47:05 |          878 |         112 | 2005-08-28 08:34:05 |        2 | 2006-02-15 21:30:53 |
|     15757 | 2005-08-23 12:47:16 |         1308 |         356 | 2005-08-29 17:19:16 |        1 | 2006-02-15 21:30:53 |
|     15758 | 2005-08-23 12:47:26 |          152 |          46 | 2005-08-29 11:05:26 |        2 | 2006-02-15 21:30:53 |
|     15759 | 2005-08-23 12:47:37 |         1341 |         361 | 2005-09-01 11:28:37 |        2 | 2006-02-15 21:30:53 |
|     15760 | 2005-08-23 12:50:00 |         3050 |         273 | 2005-08-29 15:41:00 |        2 | 2006-02-15 21:30:53 |
|     15761 | 2005-08-23 12:55:51 |         4362 |         416 | 2005-08-26 16:51:51 |        1 | 2006-02-15 21:30:53 |
|     15762 | 2005-08-23 13:01:43 |          887 |         351 | 2005-08-26 16:35:43 |        1 | 2006-02-15 21:30:53 |
|     15763 | 2005-08-23 13:02:59 |          124 |         158 | 2005-08-24 17:45:59 |        2 | 2006-02-15 21:30:53 |
|     15764 | 2005-08-23 13:05:10 |         2937 |           8 | 2005-08-25 16:15:10 |        1 | 2006-02-15 21:30:53 |
|     15765 | 2005-08-23 13:06:19 |         1250 |         408 | 2005-08-31 12:18:19 |        1 | 2006-02-15 21:30:53 |
|     15766 | 2005-08-23 13:10:16 |         1996 |         436 | 2005-08-30 09:27:16 |        1 | 2006-02-15 21:30:53 |
|     15767 | 2005-08-23 13:14:15 |         3492 |         241 | 2005-08-27 14:43:15 |        2 | 2006-02-15 21:30:53 |
|     15768 | 2005-08-23 13:14:47 |          662 |         267 | 2005-08-29 14:17:47 |        2 | 2006-02-15 21:30:53 |
|     15769 | 2005-08-23 13:16:15 |         2392 |         276 | 2005-08-28 18:31:15 |        1 | 2006-02-15 21:30:53 |
|     15770 | 2005-08-23 13:18:16 |         1424 |         113 | 2005-08-29 11:31:16 |        1 | 2006-02-15 21:30:53 |
|     15771 | 2005-08-23 13:18:46 |         3667 |         262 | 2005-08-26 07:29:46 |        1 | 2006-02-15 21:30:53 |
|     15772 | 2005-08-23 13:22:56 |         4343 |         202 | 2005-08-26 10:35:56 |        2 | 2006-02-15 21:30:53 |
|     15773 | 2005-08-23 13:24:57 |         1626 |         189 | 2005-08-31 14:16:57 |        2 | 2006-02-15 21:30:53 |
|     15774 | 2005-08-23 13:25:08 |         1273 |         254 | 2005-08-28 10:08:08 |        2 | 2006-02-15 21:30:53 |
|     15775 | 2005-08-23 13:25:44 |         2146 |         173 | 2005-09-01 16:56:44 |        1 | 2006-02-15 21:30:53 |
|     15776 | 2005-08-23 13:26:01 |           43 |         514 | 2005-08-29 18:17:01 |        1 | 2006-02-15 21:30:53 |
|     15777 | 2005-08-23 13:29:08 |         4241 |         130 | 2005-08-27 18:50:08 |        2 | 2006-02-15 21:30:53 |
|     15778 | 2006-02-14 15:16:03 |         1269 |         234 | NULL                |        1 | 2006-02-15 21:30:53 |
|     15779 | 2005-08-23 13:33:46 |         1560 |         419 | 2005-08-28 08:40:46 |        2 | 2006-02-15 21:30:53 |
|     15780 | 2006-02-14 15:16:03 |         2911 |         120 | NULL                |        2 | 2006-02-15 21:30:53 |
|     15781 | 2005-08-23 13:41:05 |         4449 |         412 | 2005-08-31 13:11:05 |        1 | 2006-02-15 21:30:53 |
|     15782 | 2005-08-23 13:43:26 |         3282 |         245 | 2005-08-30 14:03:26 |        1 | 2006-02-15 21:30:53 |
|     15783 | 2005-08-23 13:45:44 |          397 |         247 | 2005-08-26 09:18:44 |        2 | 2006-02-15 21:30:53 |
|     15784 | 2005-08-23 13:46:00 |          126 |         425 | 2005-08-30 11:49:00 |        2 | 2006-02-15 21:30:53 |
|     15785 | 2005-08-23 13:46:27 |         1758 |         543 | 2005-08-27 10:16:27 |        2 | 2006-02-15 21:30:53 |
|     15786 | 2005-08-23 13:48:34 |         3132 |         371 | 2005-08-27 15:59:34 |        1 | 2006-02-15 21:30:53 |
|     15787 | 2005-08-23 13:51:57 |         2932 |         123 | 2005-08-27 17:06:57 |        1 | 2006-02-15 21:30:53 |
|     15788 | 2005-08-23 13:54:39 |           13 |         269 | 2005-08-26 10:17:39 |        1 | 2006-02-15 21:30:53 |
|     15789 | 2005-08-23 13:56:40 |         1213 |         350 | 2005-08-27 15:25:40 |        1 | 2006-02-15 21:30:53 |
|     15790 | 2005-08-23 14:01:07 |         2887 |         233 | 2005-08-30 10:32:07 |        2 | 2006-02-15 21:30:53 |
|     15791 | 2005-08-23 14:02:13 |         4147 |         445 | 2005-09-01 09:03:13 |        2 | 2006-02-15 21:30:53 |
|     15792 | 2005-08-23 14:05:37 |         2175 |         581 | 2005-08-28 10:54:37 |        1 | 2006-02-15 21:30:53 |
|     15793 | 2005-08-23 14:06:19 |         2863 |          22 | 2005-08-24 19:59:19 |        2 | 2006-02-15 21:30:53 |
|     15794 | 2006-02-14 15:16:03 |         3917 |         579 | NULL                |        2 | 2006-02-15 21:30:53 |
|     15795 | 2005-08-23 14:07:56 |         4371 |         417 | 2005-08-25 12:10:56 |        2 | 2006-02-15 21:30:53 |
|     15796 | 2005-08-23 14:12:22 |         1425 |         158 | 2005-08-28 17:03:22 |        2 | 2006-02-15 21:30:53 |
|     15797 | 2005-08-23 14:13:47 |          497 |         503 | 2005-08-25 09:16:47 |        2 | 2006-02-15 21:30:53 |
|     15798 | 2005-08-23 14:23:03 |         3803 |         203 | 2005-08-30 17:39:03 |        2 | 2006-02-15 21:30:53 |
|     15799 | 2005-08-23 14:23:23 |         2519 |         215 | 2005-08-24 17:15:23 |        2 | 2006-02-15 21:30:53 |
|     15800 | 2005-08-23 14:23:44 |          963 |          43 | 2005-08-29 17:04:44 |        2 | 2006-02-15 21:30:53 |
|     15801 | 2005-08-23 14:26:04 |         1590 |         165 | 2005-08-28 15:04:04 |        1 | 2006-02-15 21:30:53 |
|     15802 | 2005-08-23 14:26:51 |           41 |         158 | 2005-08-29 16:28:51 |        2 | 2006-02-15 21:30:53 |
|     15803 | 2005-08-23 14:27:07 |          500 |         105 | 2005-08-28 12:01:07 |        2 | 2006-02-15 21:30:53 |
|     15804 | 2005-08-23 14:29:16 |         3338 |         585 | 2005-08-26 08:41:16 |        1 | 2006-02-15 21:30:53 |
|     15805 | 2005-08-23 14:31:19 |         4511 |           8 | 2005-08-25 19:01:19 |        2 | 2006-02-15 21:30:53 |
|     15806 | 2005-08-23 14:31:50 |         2683 |         166 | 2005-08-27 16:08:50 |        2 | 2006-02-15 21:30:53 |
|     15807 | 2005-08-23 14:35:10 |         2705 |         350 | 2005-08-29 19:06:10 |        2 | 2006-02-15 21:30:53 |
|     15808 | 2005-08-23 14:38:37 |         1663 |         446 | 2005-08-27 14:45:37 |        2 | 2006-02-15 21:30:53 |
|     15809 | 2005-08-23 14:42:07 |         1885 |         431 | 2005-08-27 15:00:07 |        2 | 2006-02-15 21:30:53 |
|     15810 | 2005-08-23 14:43:15 |         2196 |         171 | 2005-08-25 17:41:15 |        1 | 2006-02-15 21:30:53 |
|     15811 | 2005-08-23 14:43:46 |         3487 |         300 | 2005-08-27 16:43:46 |        1 | 2006-02-15 21:30:53 |
|     15812 | 2005-08-23 14:47:26 |         4457 |          45 | 2005-09-01 10:51:26 |        2 | 2006-02-15 21:30:53 |
|     15813 | 2006-02-14 15:16:03 |          981 |           9 | NULL                |        1 | 2006-02-15 21:30:53 |
|     15814 | 2005-08-23 14:52:50 |         4361 |         459 | 2005-08-27 16:12:50 |        2 | 2006-02-15 21:30:53 |
|     15815 | 2005-08-23 14:55:47 |          316 |         444 | 2005-08-24 12:37:47 |        1 | 2006-02-15 21:30:53 |
|     15816 | 2005-08-23 14:58:06 |         3628 |          31 | 2005-08-28 13:30:06 |        1 | 2006-02-15 21:30:53 |
|     15817 | 2005-08-23 14:59:51 |          598 |         348 | 2005-08-25 15:27:51 |        1 | 2006-02-15 21:30:53 |
|     15818 | 2005-08-23 14:59:58 |         2620 |         439 | 2005-08-27 13:13:58 |        2 | 2006-02-15 21:30:53 |
|     15819 | 2005-08-23 15:01:54 |         3639 |         274 | 2005-08-31 20:01:54 |        2 | 2006-02-15 21:30:53 |
|     15820 | 2005-08-23 15:03:13 |         4553 |         308 | 2005-08-25 20:12:13 |        1 | 2006-02-15 21:30:53 |
|     15821 | 2005-08-23 15:03:58 |         1714 |         233 | 2005-08-24 17:46:58 |        2 | 2006-02-15 21:30:53 |
|     15822 | 2005-08-23 15:05:59 |         3602 |         492 | 2005-08-24 11:13:59 |        1 | 2006-02-15 21:30:53 |
|     15823 | 2005-08-23 15:08:00 |         3047 |          81 | 2005-08-24 17:52:00 |        2 | 2006-02-15 21:30:53 |
|     15824 | 2005-08-23 15:09:17 |         2933 |         371 | 2005-08-28 15:14:17 |        2 | 2006-02-15 21:30:53 |
|     15825 | 2005-08-23 15:10:42 |          149 |         346 | 2005-08-29 09:28:42 |        2 | 2006-02-15 21:30:53 |
|     15826 | 2005-08-23 15:15:02 |          215 |         311 | 2005-08-31 20:39:02 |        2 | 2006-02-15 21:30:53 |
|     15827 | 2005-08-23 15:15:19 |         1732 |         346 | 2005-08-24 10:50:19 |        2 | 2006-02-15 21:30:53 |
|     15828 | 2005-08-23 15:16:32 |          428 |         327 | 2005-08-29 12:20:32 |        1 | 2006-02-15 21:30:53 |
|     15829 | 2005-08-23 15:17:14 |         4387 |          30 | 2005-08-27 13:04:14 |        1 | 2006-02-15 21:30:53 |
|     15830 | 2005-08-23 15:19:15 |          309 |         467 | 2005-08-25 18:42:15 |        2 | 2006-02-15 21:30:53 |
|     15831 | 2005-08-23 15:21:19 |         3123 |         401 | 2005-08-24 15:47:19 |        2 | 2006-02-15 21:30:53 |
|     15832 | 2005-08-23 15:21:35 |         1468 |         537 | 2005-08-30 15:01:35 |        2 | 2006-02-15 21:30:53 |
|     15833 | 2005-08-23 15:22:15 |          801 |         349 | 2005-08-31 14:54:15 |        1 | 2006-02-15 21:30:53 |
|     15834 | 2005-08-23 15:23:50 |          217 |         165 | 2005-09-01 19:31:50 |        1 | 2006-02-15 21:30:53 |
|     15835 | 2005-08-23 15:25:27 |         1362 |         128 | 2005-09-01 16:14:27 |        2 | 2006-02-15 21:30:53 |
|     15836 | 2005-08-23 15:29:17 |          260 |         468 | 2005-08-26 11:44:17 |        2 | 2006-02-15 21:30:53 |
|     15837 | 2005-08-23 15:29:41 |         4388 |         283 | 2005-08-27 18:17:41 |        1 | 2006-02-15 21:30:53 |
|     15838 | 2005-08-23 15:30:48 |         2194 |         579 | 2005-08-31 11:20:48 |        2 | 2006-02-15 21:30:53 |
|     15839 | 2005-08-23 15:34:46 |         3726 |         294 | 2005-08-30 21:00:46 |        2 | 2006-02-15 21:30:53 |
|     15840 | 2005-08-23 15:34:49 |         1901 |         316 | 2005-08-24 16:54:49 |        1 | 2006-02-15 21:30:53 |
|     15841 | 2005-08-23 15:35:59 |         2865 |         571 | 2005-08-30 19:30:59 |        2 | 2006-02-15 21:30:53 |
|     15842 | 2005-08-23 15:36:05 |         1850 |         146 | 2005-08-30 14:05:05 |        2 | 2006-02-15 21:30:53 |
|     15843 | 2005-08-23 15:37:31 |          611 |         215 | 2005-08-28 18:41:31 |        2 | 2006-02-15 21:30:53 |
|     15844 | 2005-08-23 15:38:12 |         2027 |         119 | 2005-08-26 15:18:12 |        1 | 2006-02-15 21:30:53 |
|     15845 | 2005-08-23 15:38:34 |         4312 |          89 | 2005-08-25 10:06:34 |        1 | 2006-02-15 21:30:53 |
|     15846 | 2005-08-23 15:39:18 |         3635 |          47 | 2005-08-27 14:28:18 |        2 | 2006-02-15 21:30:53 |
|     15847 | 2005-08-23 15:39:38 |         2287 |         163 | 2005-08-24 11:46:38 |        1 | 2006-02-15 21:30:53 |
|     15848 | 2005-08-23 15:41:12 |         2141 |         336 | 2005-08-26 10:29:12 |        2 | 2006-02-15 21:30:53 |
|     15849 | 2005-08-23 15:41:20 |         4077 |         482 | 2005-08-27 15:47:20 |        2 | 2006-02-15 21:30:53 |
|     15850 | 2005-08-23 15:45:42 |          586 |         563 | 2005-08-27 19:24:42 |        1 | 2006-02-15 21:30:53 |
|     15851 | 2005-08-23 15:46:33 |         2286 |         469 | 2005-08-29 15:52:33 |        1 | 2006-02-15 21:30:53 |
|     15852 | 2005-08-23 15:47:02 |         1506 |         140 | 2005-08-25 19:37:02 |        1 | 2006-02-15 21:30:53 |
|     15853 | 2005-08-23 15:54:20 |          225 |         500 | 2005-08-24 18:53:20 |        2 | 2006-02-15 21:30:53 |
|     15854 | 2005-08-23 15:58:05 |         1648 |         464 | 2005-08-26 19:23:05 |        1 | 2006-02-15 21:30:53 |
|     15855 | 2005-08-23 15:59:01 |         2528 |         192 | 2005-08-29 20:26:01 |        1 | 2006-02-15 21:30:53 |
|     15856 | 2005-08-23 15:59:12 |         3379 |         395 | 2005-08-25 15:36:12 |        1 | 2006-02-15 21:30:53 |
|     15857 | 2005-08-23 15:59:51 |         2733 |         575 | 2005-08-26 12:01:51 |        2 | 2006-02-15 21:30:53 |
|     15858 | 2005-08-23 16:07:15 |         4515 |          81 | 2005-08-25 19:36:15 |        2 | 2006-02-15 21:30:53 |
|     15859 | 2005-08-23 16:08:15 |         4269 |         465 | 2005-08-28 11:08:15 |        1 | 2006-02-15 21:30:53 |
|     15860 | 2005-08-23 16:08:40 |         2583 |          41 | 2005-08-28 15:35:40 |        1 | 2006-02-15 21:30:53 |
|     15861 | 2005-08-23 16:15:45 |         1859 |         256 | 2005-09-01 11:37:45 |        2 | 2006-02-15 21:30:53 |
|     15862 | 2006-02-14 15:16:03 |          925 |         215 | NULL                |        1 | 2006-02-15 21:30:53 |
|     15863 | 2005-08-23 16:17:09 |         2783 |         328 | 2005-08-28 16:10:09 |        2 | 2006-02-15 21:30:53 |
|     15864 | 2005-08-23 16:18:12 |         3014 |         256 | 2005-08-29 17:10:12 |        2 | 2006-02-15 21:30:53 |
|     15865 | 2005-08-23 16:18:25 |         2031 |         482 | 2005-08-26 10:57:25 |        2 | 2006-02-15 21:30:53 |
|     15866 | 2005-08-23 16:19:02 |         3828 |         296 | 2005-08-31 12:29:02 |        2 | 2006-02-15 21:30:53 |
|     15867 | 2006-02-14 15:16:03 |          837 |         505 | NULL                |        2 | 2006-02-15 21:30:53 |
|     15868 | 2005-08-23 16:19:14 |         2186 |         306 | 2005-08-29 16:14:14 |        2 | 2006-02-15 21:30:53 |
|     15869 | 2005-08-23 16:22:20 |         1344 |         357 | 2005-08-27 11:52:20 |        1 | 2006-02-15 21:30:53 |
|     15870 | 2005-08-23 16:23:08 |          590 |         251 | 2005-08-28 20:30:08 |        2 | 2006-02-15 21:30:53 |
|     15871 | 2005-08-23 16:24:24 |          425 |          57 | 2005-09-01 13:48:24 |        2 | 2006-02-15 21:30:53 |
|     15872 | 2005-08-23 16:27:24 |         3391 |         212 | 2005-08-31 11:57:24 |        1 | 2006-02-15 21:30:53 |
|     15873 | 2005-08-23 16:27:59 |         4548 |         577 | 2005-08-26 11:11:59 |        2 | 2006-02-15 21:30:53 |
|     15874 | 2005-08-23 16:30:55 |          621 |         132 | 2005-08-28 20:57:55 |        1 | 2006-02-15 21:30:53 |
|     15875 | 2006-02-14 15:16:03 |         3611 |          41 | NULL                |        1 | 2006-02-15 21:30:53 |
|     15876 | 2005-08-23 16:32:10 |         1735 |          87 | 2005-08-24 18:16:10 |        1 | 2006-02-15 21:30:53 |
|     15877 | 2005-08-23 16:33:33 |         2307 |         559 | 2005-08-26 10:36:33 |        2 | 2006-02-15 21:30:53 |
|     15878 | 2005-08-23 16:34:31 |         1592 |         493 | 2005-08-27 21:51:31 |        2 | 2006-02-15 21:30:53 |
|     15879 | 2005-08-23 16:42:53 |          235 |         482 | 2005-08-29 16:21:53 |        2 | 2006-02-15 21:30:53 |
|     15880 | 2005-08-23 16:43:54 |         2538 |         528 | 2005-08-31 14:40:54 |        2 | 2006-02-15 21:30:53 |
|     15881 | 2005-08-23 16:44:25 |          617 |         383 | 2005-08-29 13:58:25 |        1 | 2006-02-15 21:30:53 |
|     15882 | 2005-08-23 16:44:31 |         2028 |         312 | 2005-09-01 15:44:31 |        2 | 2006-02-15 21:30:53 |
|     15883 | 2005-08-23 16:44:56 |         2792 |         550 | 2005-08-24 22:42:56 |        1 | 2006-02-15 21:30:53 |
|     15884 | 2005-08-23 16:45:28 |         2255 |          81 | 2005-08-27 20:18:28 |        1 | 2006-02-15 21:30:53 |
|     15885 | 2005-08-23 16:50:43 |         2116 |         565 | 2005-08-29 20:19:43 |        1 | 2006-02-15 21:30:53 |
|     15886 | 2005-08-23 16:50:53 |         3038 |          91 | 2005-08-26 15:38:53 |        2 | 2006-02-15 21:30:53 |
|     15887 | 2005-08-23 16:54:09 |         4263 |         201 | 2005-08-26 13:20:09 |        2 | 2006-02-15 21:30:53 |
|     15888 | 2005-08-23 16:56:14 |         2955 |         321 | 2005-08-31 14:32:14 |        1 | 2006-02-15 21:30:53 |
|     15889 | 2005-08-23 16:57:43 |          787 |         137 | 2005-08-27 22:14:43 |        1 | 2006-02-15 21:30:53 |
|     15890 | 2005-08-23 16:58:12 |         3625 |          87 | 2005-08-24 12:23:12 |        1 | 2006-02-15 21:30:53 |
|     15891 | 2005-08-23 17:00:12 |         2168 |          52 | 2005-08-31 21:12:12 |        1 | 2006-02-15 21:30:53 |
|     15892 | 2005-08-23 17:01:00 |         1365 |         174 | 2005-08-28 12:50:00 |        1 | 2006-02-15 21:30:53 |
|     15893 | 2005-08-23 17:02:00 |         2571 |         438 | 2005-08-30 12:45:00 |        2 | 2006-02-15 21:30:53 |
|     15894 | 2006-02-14 15:16:03 |         4416 |         168 | NULL                |        1 | 2006-02-15 21:30:53 |
|     15895 | 2005-08-23 17:09:31 |         2275 |         342 | 2005-08-30 17:15:31 |        1 | 2006-02-15 21:30:53 |
|     15896 | 2005-08-23 17:09:56 |          528 |         585 | 2005-08-31 14:51:56 |        2 | 2006-02-15 21:30:53 |
|     15897 | 2005-08-23 17:12:31 |         1652 |          15 | 2005-08-30 17:22:31 |        1 | 2006-02-15 21:30:53 |
|     15898 | 2005-08-23 17:13:01 |         3502 |          88 | 2005-08-29 11:22:01 |        2 | 2006-02-15 21:30:53 |
|     15899 | 2005-08-23 17:16:28 |         3851 |         596 | 2005-08-29 21:46:28 |        2 | 2006-02-15 21:30:53 |
|     15900 | 2005-08-23 17:16:30 |         1112 |         562 | 2005-08-27 18:02:30 |        1 | 2006-02-15 21:30:53 |
|     15901 | 2005-08-23 17:19:17 |         2761 |         226 | 2005-08-30 14:24:17 |        2 | 2006-02-15 21:30:53 |
|     15902 | 2005-08-23 17:28:03 |         4500 |         172 | 2005-08-30 18:36:03 |        1 | 2006-02-15 21:30:53 |
|     15903 | 2005-08-23 17:30:40 |         1289 |         267 | 2005-08-29 14:12:40 |        1 | 2006-02-15 21:30:53 |
|     15904 | 2005-08-23 17:32:19 |          179 |          37 | 2005-08-24 21:05:19 |        2 | 2006-02-15 21:30:53 |
|     15905 | 2005-08-23 17:33:04 |         3631 |          59 | 2005-08-26 17:38:04 |        2 | 2006-02-15 21:30:53 |
|     15906 | 2005-08-23 17:36:00 |         3230 |         445 | 2005-08-28 15:32:00 |        2 | 2006-02-15 21:30:53 |
|     15907 | 2005-08-23 17:39:35 |         2898 |           2 | 2005-08-25 23:23:35 |        1 | 2006-02-15 21:30:53 |
|     15908 | 2005-08-23 17:42:00 |         2453 |         135 | 2005-08-31 22:32:00 |        1 | 2006-02-15 21:30:53 |
|     15909 | 2005-08-23 17:42:42 |          404 |         452 | 2005-08-26 20:25:42 |        1 | 2006-02-15 21:30:53 |
|     15910 | 2005-08-23 17:43:16 |          254 |         456 | 2005-08-24 21:55:16 |        2 | 2006-02-15 21:30:53 |
|     15911 | 2005-08-23 17:44:53 |         3006 |         582 | 2005-09-01 19:14:53 |        1 | 2006-02-15 21:30:53 |
|     15912 | 2005-08-23 17:47:40 |         3079 |         229 | 2005-08-31 14:43:40 |        2 | 2006-02-15 21:30:53 |
|     15913 | 2005-08-23 17:48:30 |         3894 |          93 | 2005-08-31 21:17:30 |        2 | 2006-02-15 21:30:53 |
|     15914 | 2005-08-23 17:49:26 |          747 |         557 | 2005-08-24 12:20:26 |        1 | 2006-02-15 21:30:53 |
|     15915 | 2005-08-23 17:52:01 |         3566 |         167 | 2005-08-24 20:40:01 |        2 | 2006-02-15 21:30:53 |
|     15916 | 2005-08-23 17:56:01 |         4580 |         327 | 2005-08-31 21:49:01 |        2 | 2006-02-15 21:30:53 |
|     15917 | 2005-08-23 17:57:28 |         2093 |         589 | 2005-08-29 20:03:28 |        1 | 2006-02-15 21:30:53 |
|     15918 | 2005-08-23 17:57:35 |         1456 |         262 | 2005-08-28 14:16:35 |        2 | 2006-02-15 21:30:53 |
|     15919 | 2005-08-23 18:01:31 |         1746 |         497 | 2005-08-24 16:27:31 |        1 | 2006-02-15 21:30:53 |
|     15920 | 2005-08-23 18:05:10 |          243 |         212 | 2005-08-26 18:09:10 |        1 | 2006-02-15 21:30:53 |
|     15921 | 2005-08-23 18:06:54 |          223 |         522 | 2005-08-30 20:19:54 |        2 | 2006-02-15 21:30:53 |
|     15922 | 2005-08-23 18:07:31 |         1702 |         263 | 2005-09-01 22:27:31 |        1 | 2006-02-15 21:30:53 |
|     15923 | 2005-08-23 18:08:19 |         1693 |         276 | 2005-08-26 18:06:19 |        2 | 2006-02-15 21:30:53 |
|     15924 | 2005-08-23 18:08:59 |         1114 |         541 | 2005-08-27 12:20:59 |        2 | 2006-02-15 21:30:53 |
|     15925 | 2005-08-23 18:15:06 |         3394 |         440 | 2005-08-26 18:09:06 |        2 | 2006-02-15 21:30:53 |
|     15926 | 2005-08-23 18:20:56 |         2231 |         151 | 2005-08-24 18:20:56 |        2 | 2006-02-15 21:30:53 |
|     15927 | 2005-08-23 18:23:11 |         2450 |         401 | 2005-08-24 15:09:11 |        1 | 2006-02-15 21:30:53 |
|     15928 | 2005-08-23 18:23:24 |         2086 |          75 | 2005-09-01 23:43:24 |        2 | 2006-02-15 21:30:53 |
|     15929 | 2005-08-23 18:23:30 |         1832 |         477 | 2005-08-27 17:04:30 |        1 | 2006-02-15 21:30:53 |
|     15930 | 2005-08-23 18:26:51 |          180 |         379 | 2005-08-31 16:12:51 |        1 | 2006-02-15 21:30:53 |
|     15931 | 2005-08-23 18:28:09 |         1128 |         237 | 2005-08-28 23:08:09 |        1 | 2006-02-15 21:30:53 |
|     15932 | 2005-08-23 18:31:40 |         4554 |         405 | 2005-08-24 16:30:40 |        2 | 2006-02-15 21:30:53 |
|     15933 | 2005-08-23 18:36:44 |         3493 |         176 | 2005-08-26 12:41:44 |        2 | 2006-02-15 21:30:53 |
|     15934 | 2005-08-23 18:40:41 |          994 |         216 | 2005-08-25 00:18:41 |        2 | 2006-02-15 21:30:53 |
|     15935 | 2005-08-23 18:41:11 |          907 |         361 | 2005-08-25 20:59:11 |        1 | 2006-02-15 21:30:53 |
|     15936 | 2005-08-23 18:43:11 |         1293 |         411 | 2005-08-26 00:19:11 |        1 | 2006-02-15 21:30:53 |
|     15937 | 2005-08-23 18:43:22 |         2882 |         194 | 2005-08-24 22:53:22 |        1 | 2006-02-15 21:30:53 |
|     15938 | 2005-08-23 18:43:31 |         2884 |         341 | 2005-08-31 00:26:31 |        2 | 2006-02-15 21:30:53 |
|     15939 | 2005-08-23 18:44:21 |         3209 |         382 | 2005-09-01 17:25:21 |        2 | 2006-02-15 21:30:53 |
|     15940 | 2005-08-23 18:45:06 |         1606 |          86 | 2005-08-30 13:00:06 |        2 | 2006-02-15 21:30:53 |
|     15941 | 2005-08-23 18:46:44 |         4304 |         424 | 2005-08-31 17:31:44 |        1 | 2006-02-15 21:30:53 |
|     15942 | 2005-08-23 18:48:40 |         1096 |         210 | 2005-09-01 18:39:40 |        2 | 2006-02-15 21:30:53 |
|     15943 | 2005-08-23 18:49:32 |          706 |         462 | 2005-08-27 19:20:32 |        1 | 2006-02-15 21:30:53 |
|     15944 | 2005-08-23 18:50:54 |         4559 |         348 | 2005-08-25 18:04:54 |        2 | 2006-02-15 21:30:53 |
|     15945 | 2005-08-23 18:51:41 |         3633 |          43 | 2005-08-28 18:42:41 |        1 | 2006-02-15 21:30:53 |
|     15946 | 2005-08-23 18:54:07 |         4549 |         561 | 2005-08-28 21:21:07 |        1 | 2006-02-15 21:30:53 |
|     15947 | 2005-08-23 18:54:32 |         1877 |         580 | 2005-08-24 22:39:32 |        2 | 2006-02-15 21:30:53 |
|     15948 | 2005-08-23 18:59:33 |          432 |         520 | 2005-08-31 13:02:33 |        2 | 2006-02-15 21:30:53 |
|     15949 | 2005-08-23 19:06:04 |         1199 |         386 | 2005-08-26 18:39:04 |        2 | 2006-02-15 21:30:53 |
|     15950 | 2005-08-23 19:09:39 |         1374 |         280 | 2005-08-31 17:03:39 |        2 | 2006-02-15 21:30:53 |
|     15951 | 2005-08-23 19:10:32 |         3018 |         446 | 2005-08-29 14:17:32 |        1 | 2006-02-15 21:30:53 |
|     15952 | 2005-08-23 19:11:29 |         1314 |         224 | 2005-08-28 14:41:29 |        1 | 2006-02-15 21:30:53 |
|     15953 | 2005-08-23 19:13:46 |         3727 |         540 | 2005-08-28 23:05:46 |        1 | 2006-02-15 21:30:53 |
|     15954 | 2005-08-23 19:14:07 |          576 |         460 | 2005-08-24 20:21:07 |        1 | 2006-02-15 21:30:53 |
|     15955 | 2005-08-23 19:19:06 |         2247 |         349 | 2005-08-31 23:34:06 |        1 | 2006-02-15 21:30:53 |
|     15956 | 2005-08-23 19:19:21 |         2763 |         354 | 2005-08-25 22:15:21 |        2 | 2006-02-15 21:30:53 |
|     15957 | 2005-08-23 19:21:22 |           74 |         418 | 2005-08-31 16:42:22 |        1 | 2006-02-15 21:30:53 |
|     15958 | 2005-08-23 19:22:36 |         4164 |         492 | 2005-08-30 01:03:36 |        1 | 2006-02-15 21:30:53 |
|     15959 | 2005-08-23 19:27:04 |          547 |         415 | 2005-08-24 15:24:04 |        1 | 2006-02-15 21:30:53 |
|     15960 | 2005-08-23 19:35:42 |         1497 |         431 | 2005-08-26 17:36:42 |        2 | 2006-02-15 21:30:53 |
|     15961 | 2005-08-23 19:35:42 |         4006 |         200 | 2005-08-30 22:52:42 |        1 | 2006-02-15 21:30:53 |
|     15962 | 2005-08-23 19:42:04 |         3491 |         160 | 2005-08-25 23:53:04 |        1 | 2006-02-15 21:30:53 |
|     15963 | 2005-08-23 19:42:46 |         3819 |         134 | 2005-08-25 22:12:46 |        1 | 2006-02-15 21:30:53 |
|     15964 | 2005-08-23 19:45:25 |          251 |         141 | 2005-08-26 22:43:25 |        2 | 2006-02-15 21:30:53 |
|     15965 | 2005-08-23 19:46:39 |         3449 |         509 | 2005-08-24 20:08:39 |        2 | 2006-02-15 21:30:53 |
|     15966 | 2006-02-14 15:16:03 |         4472 |         374 | NULL                |        1 | 2006-02-15 21:30:53 |
|     15967 | 2005-08-23 19:50:06 |          321 |         257 | 2005-08-29 14:51:06 |        1 | 2006-02-15 21:30:53 |
|     15968 | 2005-08-23 19:51:29 |         3598 |         257 | 2005-08-24 15:07:29 |        1 | 2006-02-15 21:30:53 |
|     15969 | 2005-08-23 19:51:30 |         1807 |         327 | 2005-08-31 23:50:30 |        1 | 2006-02-15 21:30:53 |
|     15970 | 2005-08-23 19:54:24 |         4509 |         395 | 2005-08-24 18:07:24 |        1 | 2006-02-15 21:30:53 |
|     15971 | 2005-08-23 19:59:33 |         3456 |         187 | 2005-09-02 01:28:33 |        1 | 2006-02-15 21:30:53 |
|     15972 | 2005-08-23 20:00:30 |         4428 |          25 | 2005-08-30 00:25:30 |        1 | 2006-02-15 21:30:53 |
|     15973 | 2005-08-23 20:04:41 |         2766 |         343 | 2005-09-01 20:08:41 |        2 | 2006-02-15 21:30:53 |
|     15974 | 2005-08-23 20:06:04 |         3518 |         201 | 2005-08-27 17:33:04 |        2 | 2006-02-15 21:30:53 |
|     15975 | 2005-08-23 20:06:23 |         2723 |         174 | 2005-08-27 19:52:23 |        1 | 2006-02-15 21:30:53 |
|     15976 | 2005-08-23 20:07:08 |          835 |         227 | 2005-08-25 01:47:08 |        2 | 2006-02-15 21:30:53 |
|     15977 | 2005-08-23 20:07:10 |         1031 |         550 | 2005-09-01 22:12:10 |        2 | 2006-02-15 21:30:53 |
|     15978 | 2005-08-23 20:08:18 |         4444 |         536 | 2005-08-31 17:35:18 |        2 | 2006-02-15 21:30:53 |
|     15979 | 2005-08-23 20:08:26 |         3733 |         536 | 2005-08-26 19:19:26 |        1 | 2006-02-15 21:30:53 |
|     15980 | 2005-08-23 20:10:13 |         3365 |         196 | 2005-08-24 17:44:13 |        2 | 2006-02-15 21:30:53 |
|     15981 | 2005-08-23 20:12:17 |         2867 |         489 | 2005-08-30 20:43:17 |        1 | 2006-02-15 21:30:53 |
|     15982 | 2005-08-23 20:13:31 |         2920 |         370 | 2005-09-01 21:51:31 |        2 | 2006-02-15 21:30:53 |
|     15983 | 2005-08-23 20:13:38 |         3318 |         464 | 2005-08-30 18:42:38 |        1 | 2006-02-15 21:30:53 |
|     15984 | 2005-08-23 20:16:27 |         2011 |         495 | 2005-08-27 01:43:27 |        1 | 2006-02-15 21:30:53 |
|     15985 | 2005-08-23 20:20:23 |         2646 |         179 | 2005-08-26 20:55:23 |        1 | 2006-02-15 21:30:53 |
|     15986 | 2005-08-23 20:20:37 |         3472 |         226 | 2005-08-29 20:49:37 |        1 | 2006-02-15 21:30:53 |
|     15987 | 2005-08-23 20:22:17 |         3150 |         302 | 2005-08-31 21:46:17 |        2 | 2006-02-15 21:30:53 |
|     15988 | 2005-08-23 20:23:08 |         3932 |         400 | 2005-08-28 20:50:08 |        1 | 2006-02-15 21:30:53 |
|     15989 | 2005-08-23 20:24:36 |           38 |          96 | 2005-08-26 20:35:36 |        1 | 2006-02-15 21:30:53 |
|     15990 | 2005-08-23 20:25:11 |         3233 |         512 | 2005-08-25 15:01:11 |        2 | 2006-02-15 21:30:53 |
|     15991 | 2005-08-23 20:27:34 |         2078 |         203 | 2005-08-28 16:48:34 |        2 | 2006-02-15 21:30:53 |
|     15992 | 2005-08-23 20:28:32 |         3334 |         589 | 2005-08-24 21:35:32 |        1 | 2006-02-15 21:30:53 |
|     15993 | 2005-08-23 20:28:44 |         1638 |          12 | 2005-08-27 16:23:44 |        2 | 2006-02-15 21:30:53 |
|     15994 | 2005-08-23 20:29:10 |          438 |         595 | 2005-08-28 01:41:10 |        2 | 2006-02-15 21:30:53 |
|     15995 | 2005-08-23 20:29:56 |         1122 |         377 | 2005-08-30 18:09:56 |        1 | 2006-02-15 21:30:53 |
|     15996 | 2005-08-23 20:31:38 |         3098 |         151 | 2005-08-29 20:58:38 |        1 | 2006-02-15 21:30:53 |
|     15997 | 2005-08-23 20:40:31 |         2843 |         447 | 2005-08-26 19:47:31 |        1 | 2006-02-15 21:30:53 |
|     15998 | 2005-08-23 20:41:09 |         1229 |         545 | 2005-08-27 00:20:09 |        1 | 2006-02-15 21:30:53 |
|     15999 | 2005-08-23 20:44:10 |         2584 |         377 | 2005-08-31 02:38:10 |        2 | 2006-02-15 21:30:53 |
|     16000 | 2005-08-23 20:44:36 |          282 |          71 | 2005-08-25 02:29:36 |        1 | 2006-02-15 21:30:53 |
|     16001 | 2005-08-23 20:45:53 |          245 |         108 | 2005-08-27 15:52:53 |        1 | 2006-02-15 21:30:53 |
|     16002 | 2005-08-23 20:47:12 |         2770 |          73 | 2005-08-27 23:07:12 |        1 | 2006-02-15 21:30:53 |
|     16003 | 2005-08-23 20:47:28 |         3413 |         577 | 2005-08-31 23:22:28 |        1 | 2006-02-15 21:30:53 |
|     16004 | 2005-08-23 20:53:20 |         2223 |         147 | 2005-08-31 15:15:20 |        2 | 2006-02-15 21:30:53 |
|     16005 | 2005-08-23 21:00:22 |         3265 |         466 | 2005-09-02 02:35:22 |        1 | 2006-02-15 21:30:53 |
|     16006 | 2005-08-23 21:01:09 |          240 |         533 | 2005-08-25 19:33:09 |        1 | 2006-02-15 21:30:53 |
|     16007 | 2005-08-23 21:02:43 |         3236 |         126 | 2005-08-30 23:37:43 |        2 | 2006-02-15 21:30:53 |
|     16008 | 2005-08-23 21:04:51 |         3273 |         189 | 2005-08-31 22:09:51 |        1 | 2006-02-15 21:30:53 |
|     16009 | 2005-08-23 21:07:59 |         3055 |         133 | 2005-08-29 16:54:59 |        2 | 2006-02-15 21:30:53 |
|     16010 | 2005-08-23 21:10:24 |         2539 |         173 | 2005-08-25 17:58:24 |        1 | 2006-02-15 21:30:53 |
|     16011 | 2005-08-23 21:11:33 |         1093 |         389 | 2005-08-31 17:51:33 |        1 | 2006-02-15 21:30:53 |
|     16012 | 2005-08-23 21:13:39 |         2421 |          80 | 2005-08-30 23:52:39 |        2 | 2006-02-15 21:30:53 |
|     16013 | 2005-08-23 21:17:17 |          561 |         462 | 2005-08-26 21:15:17 |        1 | 2006-02-15 21:30:53 |
|     16014 | 2005-08-23 21:18:31 |         3322 |         532 | 2005-08-31 17:28:31 |        2 | 2006-02-15 21:30:53 |
|     16015 | 2005-08-23 21:25:03 |         3113 |          50 | 2005-08-24 20:05:03 |        2 | 2006-02-15 21:30:53 |
|     16016 | 2005-08-23 21:26:35 |         3374 |         595 | 2005-08-28 16:06:35 |        2 | 2006-02-15 21:30:53 |
|     16017 | 2005-08-23 21:27:11 |          664 |         535 | 2005-08-24 23:22:11 |        1 | 2006-02-15 21:30:53 |
|     16018 | 2005-08-23 21:27:35 |          897 |         439 | 2005-08-30 00:36:35 |        1 | 2006-02-15 21:30:53 |
|     16019 | 2005-08-23 21:30:45 |         3093 |         278 | 2005-08-27 23:45:45 |        2 | 2006-02-15 21:30:53 |
|     16020 | 2005-08-23 21:34:33 |          277 |         311 | 2005-09-01 18:17:33 |        1 | 2006-02-15 21:30:53 |
|     16021 | 2005-08-23 21:37:59 |         3057 |         314 | 2005-08-31 01:52:59 |        1 | 2006-02-15 21:30:53 |
|     16022 | 2005-08-23 21:44:27 |         2925 |         504 | 2005-08-28 01:52:27 |        1 | 2006-02-15 21:30:53 |
|     16023 | 2005-08-23 21:45:02 |         2347 |         124 | 2005-08-24 21:28:02 |        1 | 2006-02-15 21:30:53 |
|     16024 | 2005-08-23 21:46:47 |         2910 |         473 | 2005-08-27 02:06:47 |        1 | 2006-02-15 21:30:53 |
|     16025 | 2005-08-23 21:48:54 |         1777 |         569 | 2005-08-24 22:05:54 |        2 | 2006-02-15 21:30:53 |
|     16026 | 2005-08-23 21:49:22 |          467 |         484 | 2005-08-27 00:47:22 |        1 | 2006-02-15 21:30:53 |
|     16027 | 2005-08-23 21:49:33 |         1724 |         160 | 2005-08-30 16:19:33 |        2 | 2006-02-15 21:30:53 |
|     16028 | 2005-08-23 21:52:56 |         2515 |         119 | 2005-08-30 18:16:56 |        2 | 2006-02-15 21:30:53 |
|     16029 | 2005-08-23 21:54:02 |          953 |         143 | 2005-08-29 23:55:02 |        1 | 2006-02-15 21:30:53 |
|     16030 | 2005-08-23 21:56:04 |         4161 |         137 | 2005-08-31 01:24:04 |        2 | 2006-02-15 21:30:53 |
|     16031 | 2005-08-23 21:59:26 |         1843 |         102 | 2005-08-29 20:15:26 |        1 | 2006-02-15 21:30:53 |
|     16032 | 2005-08-23 21:59:57 |         2527 |         447 | 2005-08-31 22:46:57 |        2 | 2006-02-15 21:30:53 |
|     16033 | 2005-08-23 22:06:15 |          760 |         226 | 2005-09-01 02:36:15 |        2 | 2006-02-15 21:30:53 |
|     16034 | 2005-08-23 22:06:34 |          655 |         502 | 2005-08-29 18:44:34 |        1 | 2006-02-15 21:30:53 |
|     16035 | 2005-08-23 22:08:04 |          549 |          37 | 2005-08-28 03:46:04 |        1 | 2006-02-15 21:30:53 |
|     16036 | 2005-08-23 22:12:44 |         1372 |         425 | 2005-08-25 17:48:44 |        2 | 2006-02-15 21:30:53 |
|     16037 | 2005-08-23 22:13:04 |          341 |          45 | 2005-09-01 02:48:04 |        2 | 2006-02-15 21:30:53 |
|     16038 | 2005-08-23 22:14:31 |         2612 |         172 | 2005-08-30 03:28:31 |        1 | 2006-02-15 21:30:53 |
|     16039 | 2005-08-23 22:18:51 |          545 |          78 | 2005-08-31 19:55:51 |        2 | 2006-02-15 21:30:53 |
|     16040 | 2005-08-23 22:19:33 |         3524 |         195 | 2005-09-02 02:19:33 |        2 | 2006-02-15 21:30:53 |
|     16041 | 2005-08-23 22:20:26 |         4116 |         121 | 2005-08-25 20:14:26 |        2 | 2006-02-15 21:30:53 |
|     16042 | 2005-08-23 22:20:40 |          629 |         131 | 2005-08-24 17:54:40 |        1 | 2006-02-15 21:30:53 |
|     16043 | 2005-08-23 22:21:03 |         3869 |         526 | 2005-08-31 03:09:03 |        2 | 2006-02-15 21:30:53 |
|     16044 | 2005-08-23 22:24:39 |         1312 |         468 | 2005-08-25 04:08:39 |        1 | 2006-02-15 21:30:53 |
|     16045 | 2005-08-23 22:25:26 |          772 |          14 | 2005-08-25 23:54:26 |        1 | 2006-02-15 21:30:53 |
|     16046 | 2005-08-23 22:26:47 |         4364 |          74 | 2005-08-27 18:02:47 |        2 | 2006-02-15 21:30:53 |
|     16047 | 2005-08-23 22:42:48 |         2088 |         114 | 2005-08-25 02:48:48 |        2 | 2006-02-15 21:30:53 |
|     16048 | 2005-08-23 22:43:07 |         2019 |         103 | 2005-08-31 21:33:07 |        1 | 2006-02-15 21:30:53 |
|     16049 | 2005-08-23 22:50:12 |         2666 |         393 | 2005-08-30 01:01:12 |        2 | 2006-02-15 21:30:53 |
+-----------+---------------------+--------------+-------------+---------------------+----------+---------------------+
16044 rows in set (0.1124 sec)
 MySQL  localhost:3306 ssl  sakila  SQL >
 MySQL  localhost:3306 ssl  sakila  SQL >
 MySQL  localhost:3306 ssl  sakila  SQL >
 MySQL  localhost:3306 ssl  sakila  SQL > ñp
                                       -> show databases;
ERROR: 1064 (42000): You have an error in your SQL syntax; check the manual that corresponds to your MySQL server version for the right syntax to use near 'ñp
show databases' at line 1
 MySQL  localhost:3306 ssl  sakila  SQL > select a.rental_date,
                                       -> a.return_date, b.first_name,
                                       -> b.last_name
                                       -> from rental a
                                       -> inner join customer b
                                       -> on a.customer_id
                                       -> = b.customer_id
                                       -> limit 20;
+---------------------+---------------------+------------+-----------+
| rental_date         | return_date         | first_name | last_name |
+---------------------+---------------------+------------+-----------+
| 2005-05-25 11:30:37 | 2005-06-03 12:00:37 | MARY       | SMITH     |
| 2005-05-28 10:35:23 | 2005-06-03 06:32:23 | MARY       | SMITH     |
| 2005-06-15 00:54:12 | 2005-06-23 02:42:12 | MARY       | SMITH     |
| 2005-06-15 18:02:53 | 2005-06-19 15:54:53 | MARY       | SMITH     |
| 2005-06-15 21:08:46 | 2005-06-25 02:26:46 | MARY       | SMITH     |
| 2005-06-16 15:18:57 | 2005-06-17 21:05:57 | MARY       | SMITH     |
| 2005-06-18 08:41:48 | 2005-06-22 03:36:48 | MARY       | SMITH     |
| 2005-06-18 13:33:59 | 2005-06-19 17:40:59 | MARY       | SMITH     |
| 2005-06-21 06:24:45 | 2005-06-28 03:28:45 | MARY       | SMITH     |
| 2005-07-08 03:17:05 | 2005-07-14 01:19:05 | MARY       | SMITH     |
| 2005-07-08 07:33:56 | 2005-07-12 13:25:56 | MARY       | SMITH     |
| 2005-07-09 13:24:07 | 2005-07-14 14:01:07 | MARY       | SMITH     |
| 2005-07-09 16:38:01 | 2005-07-13 18:02:01 | MARY       | SMITH     |
| 2005-07-11 10:13:46 | 2005-07-19 13:15:46 | MARY       | SMITH     |
| 2005-07-27 11:31:22 | 2005-07-31 06:50:22 | MARY       | SMITH     |
| 2005-07-28 09:04:45 | 2005-07-30 12:37:45 | MARY       | SMITH     |
| 2005-07-28 16:18:23 | 2005-07-30 17:56:23 | MARY       | SMITH     |
| 2005-07-28 17:33:39 | 2005-07-29 20:17:39 | MARY       | SMITH     |
| 2005-07-28 19:20:07 | 2005-07-29 22:54:07 | MARY       | SMITH     |
| 2005-07-29 03:58:49 | 2005-08-01 05:16:49 | MARY       | SMITH     |
+---------------------+---------------------+------------+-----------+
20 rows in set (0.0962 sec)
 MySQL  localhost:3306 ssl  sakila  SQL > use tbd2;
Default schema set to `tbd2`.
Fetching global names, object names from `tbd2` for auto-completion... Press ^C to stop.
 MySQL  localhost:3306 ssl  tbd2  SQL > select * from tablaa;
+----+--------+
| id | nombre |
+----+--------+
|  1 | A      |
|  2 | B      |
|  3 | C      |
|  4 | D      |
+----+--------+
4 rows in set (0.0005 sec)
 MySQL  localhost:3306 ssl  tbd2  SQL > select * from tablab;
+----+--------+
| id | nombre |
+----+--------+
|  1 | X      |
|  2 | Y      |
|  3 | Z      |
|  4 | A      |
|  5 | B      |
+----+--------+
5 rows in set (0.0008 sec)
 MySQL  localhost:3306 ssl  tbd2  SQL > select nombre from tablaa intersect select nombre from tablab;
+--------+
| nombre |
+--------+
| A      |
| B      |
+--------+
2 rows in set (0.0010 sec)
 MySQL  localhost:3306 ssl  tbd2  SQL > select id, nombre from tablaa intersect select id, nombre from tablab;
Empty set (0.0009 sec)
 MySQL  localhost:3306 ssl  tbd2  SQL > select * from  tablaa a inner join tablab b on a.nombre = b.nombre;
+----+--------+----+--------+
| id | nombre | id | nombre |
+----+--------+----+--------+
|  1 | A      |  4 | A      |
|  2 | B      |  5 | B      |
+----+--------+----+--------+
2 rows in set (0.0008 sec)
 MySQL  localhost:3306 ssl  tbd2  SQL > select * from  tablaa a inner join tablab b on a.id = b.id;
+----+--------+----+--------+
| id | nombre | id | nombre |
+----+--------+----+--------+
|  1 | A      |  1 | X      |
|  2 | B      |  2 | Y      |
|  3 | C      |  3 | Z      |
|  4 | D      |  4 | A      |
+----+--------+----+--------+
4 rows in set (0.0007 sec)
 MySQL  localhost:3306 ssl  tbd2  SQL > select * from a.nombre, b.nombre from tablaa a inner join tablab b on a.nombre = b.nombre;
ERROR: 1064 (42000): You have an error in your SQL syntax; check the manual that corresponds to your MySQL server version for the right syntax to use near 'from tablaa a inner join tablab b on a.nombre = b.nombre' at line 1
 MySQL  localhost:3306 ssl  tbd2  SQL > use sakila;
Default schema set to `sakila`.
Fetching global names, object names from `sakila` for auto-completion... Press ^C to stop.
 MySQL  localhost:3306 ssl  sakila  SQL > desc rental limit 10;
ERROR: 1064 (42000): You have an error in your SQL syntax; check the manual that corresponds to your MySQL server version for the right syntax to use near 'limit 10' at line 1
 MySQL  localhost:3306 ssl  sakila  SQL > desc rental limit= 10;
ERROR: 1064 (42000): You have an error in your SQL syntax; check the manual that corresponds to your MySQL server version for the right syntax to use near 'limit= 10' at line 1
 MySQL  localhost:3306 ssl  sakila  SQL > desc rental;
+--------------+--------------------+------+-----+-------------------+-----------------------------------------------+
| Field        | Type               | Null | Key | Default           | Extra                                         |
+--------------+--------------------+------+-----+-------------------+-----------------------------------------------+
| rental_id    | int                | NO   | PRI | NULL              | auto_increment                                |
| rental_date  | datetime           | NO   | MUL | NULL              |                                               |
| inventory_id | mediumint unsigned | NO   | MUL | NULL              |                                               |
| customer_id  | smallint unsigned  | NO   | MUL | NULL              |                                               |
| return_date  | datetime           | YES  |     | NULL              |                                               |
| staff_id     | tinyint unsigned   | NO   | MUL | NULL              |                                               |
| last_update  | timestamp          | NO   |     | CURRENT_TIMESTAMP | DEFAULT_GENERATED on update CURRENT_TIMESTAMP |
+--------------+--------------------+------+-----+-------------------+-----------------------------------------------+
7 rows in set (0.0021 sec)
 MySQL  localhost:3306 ssl  sakila  SQL > select * from rental limit 10;
+-----------+---------------------+--------------+-------------+---------------------+----------+---------------------+
| rental_id | rental_date         | inventory_id | customer_id | return_date         | staff_id | last_update         |
+-----------+---------------------+--------------+-------------+---------------------+----------+---------------------+
|         1 | 2005-05-24 22:53:30 |          367 |         130 | 2005-05-26 22:04:30 |        1 | 2006-02-15 21:30:53 |
|         2 | 2005-05-24 22:54:33 |         1525 |         459 | 2005-05-28 19:40:33 |        1 | 2006-02-15 21:30:53 |
|         3 | 2005-05-24 23:03:39 |         1711 |         408 | 2005-06-01 22:12:39 |        1 | 2006-02-15 21:30:53 |
|         4 | 2005-05-24 23:04:41 |         2452 |         333 | 2005-06-03 01:43:41 |        2 | 2006-02-15 21:30:53 |
|         5 | 2005-05-24 23:05:21 |         2079 |         222 | 2005-06-02 04:33:21 |        1 | 2006-02-15 21:30:53 |
|         6 | 2005-05-24 23:08:07 |         2792 |         549 | 2005-05-27 01:32:07 |        1 | 2006-02-15 21:30:53 |
|         7 | 2005-05-24 23:11:53 |         3995 |         269 | 2005-05-29 20:34:53 |        2 | 2006-02-15 21:30:53 |
|         8 | 2005-05-24 23:31:46 |         2346 |         239 | 2005-05-27 23:33:46 |        2 | 2006-02-15 21:30:53 |
|         9 | 2005-05-25 00:00:40 |         2580 |         126 | 2005-05-28 00:22:40 |        1 | 2006-02-15 21:30:53 |
|        10 | 2005-05-25 00:02:21 |         1824 |         399 | 2005-05-31 22:44:21 |        2 | 2006-02-15 21:30:53 |
+-----------+---------------------+--------------+-------------+---------------------+----------+---------------------+
10 rows in set (0.0006 sec)
 MySQL  localhost:3306 ssl  sakila  SQL > select a.rental_date, a.return_date, b.first_name, b.last_name from rental a inner join customer b on a.customer_id = b.customer_id limit 20;
+---------------------+---------------------+------------+-----------+
| rental_date         | return_date         | first_name | last_name |
+---------------------+---------------------+------------+-----------+
| 2005-05-25 11:30:37 | 2005-06-03 12:00:37 | MARY       | SMITH     |
| 2005-05-28 10:35:23 | 2005-06-03 06:32:23 | MARY       | SMITH     |
| 2005-06-15 00:54:12 | 2005-06-23 02:42:12 | MARY       | SMITH     |
| 2005-06-15 18:02:53 | 2005-06-19 15:54:53 | MARY       | SMITH     |
| 2005-06-15 21:08:46 | 2005-06-25 02:26:46 | MARY       | SMITH     |
| 2005-06-16 15:18:57 | 2005-06-17 21:05:57 | MARY       | SMITH     |
| 2005-06-18 08:41:48 | 2005-06-22 03:36:48 | MARY       | SMITH     |
| 2005-06-18 13:33:59 | 2005-06-19 17:40:59 | MARY       | SMITH     |
| 2005-06-21 06:24:45 | 2005-06-28 03:28:45 | MARY       | SMITH     |
| 2005-07-08 03:17:05 | 2005-07-14 01:19:05 | MARY       | SMITH     |
| 2005-07-08 07:33:56 | 2005-07-12 13:25:56 | MARY       | SMITH     |
| 2005-07-09 13:24:07 | 2005-07-14 14:01:07 | MARY       | SMITH     |
| 2005-07-09 16:38:01 | 2005-07-13 18:02:01 | MARY       | SMITH     |
| 2005-07-11 10:13:46 | 2005-07-19 13:15:46 | MARY       | SMITH     |
| 2005-07-27 11:31:22 | 2005-07-31 06:50:22 | MARY       | SMITH     |
| 2005-07-28 09:04:45 | 2005-07-30 12:37:45 | MARY       | SMITH     |
| 2005-07-28 16:18:23 | 2005-07-30 17:56:23 | MARY       | SMITH     |
| 2005-07-28 17:33:39 | 2005-07-29 20:17:39 | MARY       | SMITH     |
| 2005-07-28 19:20:07 | 2005-07-29 22:54:07 | MARY       | SMITH     |
| 2005-07-29 03:58:49 | 2005-08-01 05:16:49 | MARY       | SMITH     |
+---------------------+---------------------+------------+-----------+
20 rows in set (0.0009 sec)
 MySQL  localhost:3306 ssl  sakila  SQL > desc film;
+----------------------+---------------------------------------------------------------------+------+-----+-------------------+-----------------------------------------------+
| Field                | Type                                                                | Null | Key | Default           | Extra                                         |
+----------------------+---------------------------------------------------------------------+------+-----+-------------------+-----------------------------------------------+
| film_id              | smallint unsigned                                                   | NO   | PRI | NULL              | auto_increment                                |
| title                | varchar(128)                                                        | NO   | MUL | NULL              |                                               |
| description          | text                                                                | YES  |     | NULL              |                                               |
| release_year         | year                                                                | YES  |     | NULL              |                                               |
| language_id          | tinyint unsigned                                                    | NO   | MUL | NULL              |                                               |
| original_language_id | tinyint unsigned                                                    | YES  | MUL | NULL              |                                               |
| rental_duration      | tinyint unsigned                                                    | NO   |     | 3                 |                                               |
| rental_rate          | decimal(4,2)                                                        | NO   |     | 4.99              |                                               |
| length               | smallint unsigned                                                   | YES  |     | NULL              |                                               |
| replacement_cost     | decimal(5,2)                                                        | NO   |     | 19.99             |                                               |
| rating               | enum('G','PG','PG-13','R','NC-17')                                  | YES  |     | G                 |                                               |
| special_features     | set('Trailers','Commentaries','Deleted Scenes','Behind the Scenes') | YES  |     | NULL              |                                               |
| last_update          | timestamp                                                           | NO   |     | CURRENT_TIMESTAMP | DEFAULT_GENERATED on update CURRENT_TIMESTAMP |
+----------------------+---------------------------------------------------------------------+------+-----+-------------------+-----------------------------------------------+
13 rows in set (0.0032 sec)
 MySQL  localhost:3306 ssl  sakila  SQL >
 MySQL  localhost:3306 ssl  sakila  SQL > desc actor;
+-------------+-------------------+------+-----+-------------------+-----------------------------------------------+
| Field       | Type              | Null | Key | Default           | Extra                                         |
+-------------+-------------------+------+-----+-------------------+-----------------------------------------------+
| actor_id    | smallint unsigned | NO   | PRI | NULL              | auto_increment                                |
| first_name  | varchar(45)       | NO   |     | NULL              |                                               |
| last_name   | varchar(45)       | NO   | MUL | NULL              |                                               |
| last_update | timestamp         | NO   |     | CURRENT_TIMESTAMP | DEFAULT_GENERATED on update CURRENT_TIMESTAMP |
+-------------+-------------------+------+-----+-------------------+-----------------------------------------------+
4 rows in set (0.0034 sec)
 MySQL  localhost:3306 ssl  sakila  SQL > desc film;
+----------------------+---------------------------------------------------------------------+------+-----+-------------------+-----------------------------------------------+
| Field                | Type                                                                | Null | Key | Default           | Extra                                         |
+----------------------+---------------------------------------------------------------------+------+-----+-------------------+-----------------------------------------------+
| film_id              | smallint unsigned                                                   | NO   | PRI | NULL              | auto_increment                                |
| title                | varchar(128)                                                        | NO   | MUL | NULL              |                                               |
| description          | text                                                                | YES  |     | NULL              |                                               |
| release_year         | year                                                                | YES  |     | NULL              |                                               |
| language_id          | tinyint unsigned                                                    | NO   | MUL | NULL              |                                               |
| original_language_id | tinyint unsigned                                                    | YES  | MUL | NULL              |                                               |
| rental_duration      | tinyint unsigned                                                    | NO   |     | 3                 |                                               |
| rental_rate          | decimal(4,2)                                                        | NO   |     | 4.99              |                                               |
| length               | smallint unsigned                                                   | YES  |     | NULL              |                                               |
| replacement_cost     | decimal(5,2)                                                        | NO   |     | 19.99             |                                               |
| rating               | enum('G','PG','PG-13','R','NC-17')                                  | YES  |     | G                 |                                               |
| special_features     | set('Trailers','Commentaries','Deleted Scenes','Behind the Scenes') | YES  |     | NULL              |                                               |
| last_update          | timestamp                                                           | NO   |     | CURRENT_TIMESTAMP | DEFAULT_GENERATED on update CURRENT_TIMESTAMP |
+----------------------+---------------------------------------------------------------------+------+-----+-------------------+-----------------------------------------------+
13 rows in set (0.0021 sec)
 MySQL  localhost:3306 ssl  sakila  SQL > desc fil_actor;
ERROR: 1146 (42S02): Table 'sakila.fil_actor' doesn't exist
 MySQL  localhost:3306 ssl  sakila  SQL > desc film_actor;
+-------------+-------------------+------+-----+-------------------+-----------------------------------------------+
| Field       | Type              | Null | Key | Default           | Extra                                         |
+-------------+-------------------+------+-----+-------------------+-----------------------------------------------+
| actor_id    | smallint unsigned | NO   | PRI | NULL              |                                               |
| film_id     | smallint unsigned | NO   | PRI | NULL              |                                               |
| last_update | timestamp         | NO   |     | CURRENT_TIMESTAMP | DEFAULT_GENERATED on update CURRENT_TIMESTAMP |
+-------------+-------------------+------+-----+-------------------+-----------------------------------------------+
3 rows in set (0.0030 sec)
 MySQL  localhost:3306 ssl  sakila  SQL > select count(*) film;
+------+
| film |
+------+
|    1 |
+------+
1 row in set (0.1211 sec)
 MySQL  localhost:3306 ssl  sakila  SQL > select count(*) from film;
+----------+
| count(*) |
+----------+
|     1000 |
+----------+
1 row in set (0.1325 sec)
 MySQL  localhost:3306 ssl  sakila  SQL > select count(*) from actor;
+----------+
| count(*) |
+----------+
|      200 |
+----------+
1 row in set (0.0032 sec)
 MySQL  localhost:3306 ssl  sakila  SQL > select c.title, b.first_name, b.last_name
                                       -> from film_actor a
                                       -> inner join actor b on a.actor_id = b.actor_id
                                       -> inner join film c a.film_id = c.film_id
                                       -> limit 20;
ERROR: 1064 (42000): You have an error in your SQL syntax; check the manual that corresponds to your MySQL server version for the right syntax to use near 'a.film_id = c.film_id
limit 20' at line 4
 MySQL  localhost:3306 ssl  sakila  SQL > select c.title, b.first_name, b.last_name from film_actor a inner join actor b on a.actor_id = b.actor_id inner join film c on a.film_id = c.film_id  limit 20;
+-----------------------+------------+-----------+
| title                 | first_name | last_name |
+-----------------------+------------+-----------+
| ACADEMY DINOSAUR      | PENELOPE   | GUINESS   |
| ANACONDA CONFESSIONS  | PENELOPE   | GUINESS   |
| ANGELS LIFE           | PENELOPE   | GUINESS   |
| BULWORTH COMMANDMENTS | PENELOPE   | GUINESS   |
| CHEAPER CLYDE         | PENELOPE   | GUINESS   |
| COLOR PHILADELPHIA    | PENELOPE   | GUINESS   |
| ELEPHANT TROJAN       | PENELOPE   | GUINESS   |
| GLEAMING JAWBREAKER   | PENELOPE   | GUINESS   |
| HUMAN GRAFFITI        | PENELOPE   | GUINESS   |
| KING EVOLUTION        | PENELOPE   | GUINESS   |
| LADY STAGE            | PENELOPE   | GUINESS   |
| LANGUAGE COWBOY       | PENELOPE   | GUINESS   |
| MULHOLLAND BEAST      | PENELOPE   | GUINESS   |
| OKLAHOMA JUMANJI      | PENELOPE   | GUINESS   |
| RULES HUMAN           | PENELOPE   | GUINESS   |
| SPLASH GUMP           | PENELOPE   | GUINESS   |
| VERTIGO NORTHWEST     | PENELOPE   | GUINESS   |
| WESTWARD SEABISCUIT   | PENELOPE   | GUINESS   |
| WIZARD COLDBLOODED    | PENELOPE   | GUINESS   |
| ADAPTATION HOLES      | NICK       | WAHLBERG  |
+-----------------------+------------+-----------+
20 rows in set (0.0279 sec)
 MySQL  localhost:3306 ssl  sakila  SQL > select c.title, b.first_name, b.last_name from film_actor a inner join actor b on a.actor_id = b.actor_id inner join film c on a.film_id = c.film_id order by c.title limit 20;
+------------------+------------+-----------+
| title            | first_name | last_name |
+------------------+------------+-----------+
| ACADEMY DINOSAUR | PENELOPE   | GUINESS   |
| ACADEMY DINOSAUR | CHRISTIAN  | GABLE     |
| ACADEMY DINOSAUR | LUCILLE    | TRACY     |
| ACADEMY DINOSAUR | SANDRA     | PECK      |
| ACADEMY DINOSAUR | JOHNNY     | CAGE      |
| ACADEMY DINOSAUR | MENA       | TEMPLE    |
| ACADEMY DINOSAUR | WARREN     | NOLTE     |
| ACADEMY DINOSAUR | OPRAH      | KILMER    |
| ACADEMY DINOSAUR | ROCK       | DUKAKIS   |
| ACADEMY DINOSAUR | MARY       | KEITEL    |
| ACE GOLDFINGER   | BOB        | FAWCETT   |
| ACE GOLDFINGER   | MINNIE     | ZELLWEGER |
| ACE GOLDFINGER   | SEAN       | GUINESS   |
| ACE GOLDFINGER   | CHRIS      | DEPP      |
| ADAPTATION HOLES | NICK       | WAHLBERG  |
| ADAPTATION HOLES | BOB        | FAWCETT   |
| ADAPTATION HOLES | CAMERON    | STREEP    |
| ADAPTATION HOLES | RAY        | JOHANSSON |
| ADAPTATION HOLES | JULIANNE   | DENCH     |
| AFFAIR PREJUDICE | JODIE      | DEGENERES |
+------------------+------------+-----------+
20 rows in set (0.0260 sec)
 MySQL  localhost:3306 ssl  sakila  SQL >