MySQL Shell 8.0.36

Copyright (c) 2016, 2023, Oracle and/or its affiliates.
Oracle is a registered trademark of Oracle Corporation and/or its affiliates.
Other names may be trademarks of their respective owners.

Type '\help' or '\?' for help; '\quit' to exit.
 MySQL  JS > \sql
Switching to SQL mode... Commands end with ;
 MySQL  SQL > \connect --mc root@localhost
Creating a Classic session to 'root@localhost'
Fetching global names for auto-completion... Press ^C to stop.
Your MySQL connection id is 14
Server version: 8.0.36 MySQL Community Server - GPL
No default schema selected; type \use <schema> to set one.
 MySQL  localhost:3306 ssl  SQL > create database Agencia;
ERROR: 1007 (HY000): Can't create database 'agencia'; database exists
 MySQL  localhost:3306 ssl  SQL > show databases;
+--------------------+
| Database           |
+--------------------+
| agencia            |
| information_schema |
| mysql              |
| performance_schema |
| sakila             |
| sys                |
| tbd_1              |
| world              |
+--------------------+
8 rows in set (0.0016 sec)
 MySQL  localhost:3306 ssl  SQL > use agencia;
Default schema set to `agencia`.
Fetching global names, object names from `agencia` for auto-completion... Press ^C to stop.
 MySQL  localhost:3306 ssl  agencia  SQL > create table Automovil(
                                        -> id int número de serie key
                                        -> auto_increment
                                        -> marca varchar(50) not null,
                                        -> modelo varchar(50) not null,
                                        -> año int >1990 and <2025,
                                        -> precio >0 not null;
ERROR: 1064 (42000): You have an error in your SQL syntax; check the manual that corresponds to your MySQL server version for the right syntax to use near 'número de serie key
auto_increment
marca varchar(50) not null,
modelo varchar(' at line 2
 MySQL  localhost:3306 ssl  agencia  SQL > create table Automovil( id int número de serie key  auto_increment, marca varchar(50) not null, modelo varchar(50) not null, año int >1990 and <2025, precio >0 not null;
ERROR: 1064 (42000): You have an error in your SQL syntax; check the manual that corresponds to your MySQL server version for the right syntax to use near 'número de serie key  auto_increment, marca varchar(50) not null, modelo varchar' at line 1
 MySQL  localhost:3306 ssl  agencia  SQL > create table Automovil( id int número de serie key  auto_increment, marca varchar(50) not null, modelo varchar(50) not null, año int not null check  (año>1990 and año<2025), precio decimal(10,2) not null check(precio>0);
ERROR: 1064 (42000): You have an error in your SQL syntax; check the manual that corresponds to your MySQL server version for the right syntax to use near 'número de serie key  auto_increment, marca varchar(50) not null, modelo varchar' at line 1
 MySQL  localhost:3306 ssl  agencia  SQL > create table Automovil( id int número_de_serie key auto_increment, marca varchar(50) not null, modelo varchar(50) not null, año int not null check (año>1990 and año<2025), precio decimal(10,2) not null check(precio>0));
ERROR: 1064 (42000): You have an error in your SQL syntax; check the manual that corresponds to your MySQL server version for the right syntax to use near 'número_de_serie key auto_increment, marca varchar(50) not null, modelo varchar(' at line 1
 MySQL  localhost:3306 ssl  agencia  SQL > create table Automovil(id int numero_de_serie key auto_increment, marca varchar(50) not null, modelo varchar(50) not null, año int not null check(año>1990 and año<2025), precio decimal(10,2) not null check(precio>0));
ERROR: 1064 (42000): You have an error in your SQL syntax; check the manual that corresponds to your MySQL server version for the right syntax to use near 'numero_de_serie key auto_increment, marca varchar(50) not null, modelo varchar(5' at line 1
 MySQL  localhost:3306 ssl  agencia  SQL > create table Automovil(numero_de_serie int key auto_increment, marca varchar(50) not null, modelo varchar(50) not null, año int not null check(año>1990 and año<2025), precio decimal(10,2) not null check(precio>0));
Query OK, 0 rows affected (3.5857 sec)
 MySQL  localhost:3306 ssl  agencia  SQL > Vendedor(clave int key auto_increment,
                                        -> apellidos varchar(50) not null,
                                        -> nombre varchar(50) not null,
                                        -> RFC varchar(13) not null,
                                        -> Comision_por_ventas not null enum('3', '5', '10'));
ERROR: 1064 (42000): You have an error in your SQL syntax; check the manual that corresponds to your MySQL server version for the right syntax to use near 'Vendedor(clave int key auto_increment,
apellidos varchar(50) not null,
nombre va' at line 1
 MySQL  localhost:3306 ssl  agencia  SQL > create table Vendedor(clave int key auto_increment, apellidos varchar(50) not null, nombre varchar(50) not null, RFC varchar(13) not null, Comision_por_ventas not null enum('3', '5', '10'));
ERROR: 1064 (42000): You have an error in your SQL syntax; check the manual that corresponds to your MySQL server version for the right syntax to use near 'not null enum('3', '5', '10'))' at line 1
 MySQL  localhost:3306 ssl  agencia  SQL > create table Vendedor(clave int key auto_increment, apellidos varchar(50) not null, nombre varchar(50) not null, RFC varchar(13) not null, Comision_por_ventas enum('3', '5', '10')not null);
Query OK, 0 rows affected (1.1717 sec)
 MySQL  localhost:3306 ssl  agencia  SQL > create table Cliente(clave int key auto_increment,
                                        -> apellidos varchar(50) not null,
                                        -> nombre varchar(50) not null,
                                        -> tipo_de_cliente enum('Fisica', 'Moral'),
                                        -> razon_social varchar(50) not null,
                                        -> RFC varchar(13) not null);
Query OK, 0 rows affected (0.8013 sec)
 MySQL  localhost:3306 ssl  agencia  SQL > use automovil;
MySQL Error 1049: Unknown database 'automovil'
 MySQL  localhost:3306 ssl  agencia  SQL > use database automovil;
Incorrect number of arguments for use command, usage:
\use <schema_name>
 MySQL  localhost:3306 ssl  agencia  SQL > show tables;
+-------------------+
| Tables_in_agencia |
+-------------------+
| automovil         |
| cliente           |
| vendedor          |
+-------------------+
3 rows in set (0.1312 sec)
 MySQL  localhost:3306 ssl  agencia  SQL > desc automovil;
+-----------------+---------------+------+-----+---------+----------------+
| Field           | Type          | Null | Key | Default | Extra          |
+-----------------+---------------+------+-----+---------+----------------+
| numero_de_serie | int           | NO   | PRI | NULL    | auto_increment |
| marca           | varchar(50)   | NO   |     | NULL    |                |
| modelo          | varchar(50)   | NO   |     | NULL    |                |
| año             | int           | NO   |     | NULL    |                |
| precio          | decimal(10,2) | NO   |     | NULL    |                |
+-----------------+---------------+------+-----+---------+----------------+
5 rows in set (0.0204 sec)
 MySQL  localhost:3306 ssl  agencia  SQL > desc cliente;
+-----------------+------------------------+------+-----+---------+----------------+
| Field           | Type                   | Null | Key | Default | Extra          |
+-----------------+------------------------+------+-----+---------+----------------+
| clave           | int                    | NO   | PRI | NULL    | auto_increment |
| apellidos       | varchar(50)            | NO   |     | NULL    |                |
| nombre          | varchar(50)            | NO   |     | NULL    |                |
| tipo_de_cliente | enum('Fisica','Moral') | YES  |     | NULL    |                |
| razon_social    | varchar(50)            | NO   |     | NULL    |                |
| RFC             | varchar(13)            | NO   |     | NULL    |                |
+-----------------+------------------------+------+-----+---------+----------------+
6 rows in set (0.0973 sec)
 MySQL  localhost:3306 ssl  agencia  SQL > desc vendedor;
+---------------------+--------------------+------+-----+---------+----------------+
| Field               | Type               | Null | Key | Default | Extra          |
+---------------------+--------------------+------+-----+---------+----------------+
| clave               | int                | NO   | PRI | NULL    | auto_increment |
| apellidos           | varchar(50)        | NO   |     | NULL    |                |
| nombre              | varchar(50)        | NO   |     | NULL    |                |
| RFC                 | varchar(13)        | NO   |     | NULL    |                |
| Comision_por_ventas | enum('3','5','10') | NO   |     | NULL    |                |
+---------------------+--------------------+------+-----+---------+----------------+
5 rows in set (0.0029 sec)
 MySQL  localhost:3306 ssl  agencia  SQL >